/openapi => /swagger
/info => /info
/info/version => /info/version
/info/title => /info/title
/info/description => /info/description
/paths => /paths
/paths/~1calling => /paths/~1calling
/paths/~1calling/delete => /paths/~1calling/delete
/paths/~1calling/delete/tags => /paths/~1calling/delete/tags
/paths/~1calling/delete/summary => /paths/~1calling/delete/summary
/paths/~1calling/delete/operationId => /paths/~1calling/delete/operationId
/paths/~1calling/delete/responses => /paths/~1calling/delete/responses
/paths/~1calling/delete/responses/401 => /paths/~1calling/delete/responses/401
/paths/~1calling/delete/responses/401/$ref => /paths/~1calling/delete/responses/401
/components => /responses
/components/responses => /responses
/components/responses/401 => /responses/401
/components/responses/401/description => /responses/401
/components/responses/401/content => /responses/401
/components/responses/401/content/application~1json => /responses/401
/components/responses/401/content/application~1json/schema => /responses/401
/components/responses/401/content/application~1json/schema/type => /responses/401/schema/type