/servers => /host
/servers/0 => /0
/openapi => /swagger
/info => /info
/info/version => /info/version
/info/title => /info/title
/info/description => /info/description
/info/contact => /info/contact
/tags => /tags
/tags/0 => /tags/0
/tags/0/name => /tags/0/name
/paths => /paths
/paths/~1products~1{id} => /paths/~1products~1{id}
/paths/~1products~1{id}/put => /paths/~1products~1{id}/put
/paths/~1products~1{id}/put/operationId => /paths/~1products~1{id}/put/operationId
/paths/~1products~1{id}/put/description => /paths/~1products~1{id}/put/description
/paths/~1products~1{id}/put/tags => /paths/~1products~1{id}/put/tags
/paths/~1products~1{id}/put/x-ms-long-running-operation => /paths/~1products~1{id}/put/x-ms-long-running-operation
/paths/~1products~1{id}/put/x-ms-long-running-operation-options => /paths/~1products~1{id}/put/x-ms-long-running-operation-options
/paths/~1products~1{id}/put/parameters => /paths/~1products~1{id}/put/parameters/0
/paths/~1products~1{id}/put/parameters/0 => /paths/~1products~1{id}/put/parameters/0
/paths/~1products~1{id}/put/parameters/0/name => /paths/~1products~1{id}/put/parameters/0
/paths/~1products~1{id}/put/parameters/0/in => /paths/~1products~1{id}/put/parameters/0
/paths/~1products~1{id}/put/parameters/0/description => /paths/~1products~1{id}/put/parameters/0
/paths/~1products~1{id}/put/parameters/0/required => /paths/~1products~1{id}/put/parameters/0
/paths/~1products~1{id}/put/parameters/0/schema => /paths/~1products~1{id}/put/parameters/0
/paths/~1products~1{id}/put/parameters/0/schema/type => /paths/~1products~1{id}/put/parameters/0
/paths/~1products~1{id}/put/requestBody => /paths/~1products~1{id}/put/parameters/1
/paths/~1products~1{id}/put/requestBody/description => /paths/~1products~1{id}/put/parameters/1/description
/paths/~1products~1{id}/put/requestBody/required => /paths/~1products~1{id}/put/parameters/1/required
/paths/~1products~1{id}/put/requestBody/x-ms-requestBody-name => /paths/~1products~1{id}/put/parameters/1/name
/paths/~1products~1{id}/put/requestBody/content => /paths/~1products~1{id}/put/parameters/1
/paths/~1products~1{id}/put/requestBody/content/application~1json => /paths/~1products~1{id}/put/parameters/1
/paths/~1products~1{id}/put/requestBody/content/application~1json/schema => /paths/~1products~1{id}/put/parameters/1
/paths/~1products~1{id}/put/requestBody/content/application~1json/schema/$ref => /paths/~1products~1{id}/put/parameters/1/schema/$ref
/paths/~1products~1{id}/put/responses => /paths/~1products~1{id}/put/responses
/paths/~1products~1{id}/put/responses/202 => /paths/~1products~1{id}/put/responses/202
/paths/~1products~1{id}/put/responses/202/description => /paths/~1products~1{id}/put/responses/202
/components/schemas => /definitions
/components/schemas/Product => /definitions/Product
/components/schemas/Product/properties => /definitions/Product/properties
/components/schemas/Product/properties/id => /definitions/Product/properties/id
/components/schemas/Product/properties/id/type => /definitions/Product/properties/id/type