base-folder: .
basic: true
debug: false
directive: []
disable-validation: false
exclude-file: []
input-file: []
output-artifact: []
output-folder: generated
pass-thru: []
perform-load: true
profile: []
require:
  - ./other.md
shouldBeIncluded: true
some: value
suppressions: []
try-require: []
use: []
use-extension: {}
verbose: false
