!CodeModel 
info: !Info 
  description: Acceptance test for file with json content type.
  title: 'Binary with content-type: application/json'
schemas: !Schemas 
  strings:
    - !StringSchema &ref_0
      type: string
      language: !Languages 
        default:
          name: string
          description: simple string
      protocol: !Protocols {}
  constants:
    - !ConstantSchema &ref_1
      type: constant
      value: !ConstantValue 
        value: application/json
      valueType: *ref_0
      language: !Languages 
        default:
          name: application/json
          description: Content Type 'application/json'
      protocol: !Protocols {}
  binaries:
    - !BinarySchema &ref_2
      type: binary
      language: !Languages 
        default:
          name: binary
          description: ''
      protocol: !Protocols {}
globalParameters:
  - !Parameter &ref_5
    schema: *ref_0
    clientDefaultValue: ''
    implementation: Client
    origin: modelerfour:synthesized/host
    required: true
    extensions:
      x-ms-skip-url-encoding: true
    language: !Languages 
      default:
        name: $host
        description: server parameter
        serializedName: $host
    protocol: !Protocols 
      http: !HttpParameter 
        in: uri
operationGroups:
  - !OperationGroup 
    $key: Upload
    operations:
      - !Operation 
        operationId: Upload_File
        apiVersions:
          - !ApiVersion 
            version: 1.0.0
        parameters:
          - *ref_5
        requestMediaTypes:
          application/json: !Request &ref_4
            parameters:
              - !Parameter 
                schema: *ref_1
                implementation: Method
                origin: modelerfour:synthesized/content-type
                required: true
                language: !Languages 
                  default:
                    name: content-type
                    description: Upload file type
                    serializedName: Content-Type
                protocol: !Protocols 
                  http: !HttpParameter 
                    in: header
              - !Parameter &ref_3
                schema: *ref_2
                implementation: Method
                required: true
                language: !Languages 
                  default:
                    name: data
                    description: Foo bar
                protocol: !Protocols 
                  http: !HttpParameter 
                    in: body
                    style: binary
            signatureParameters:
              - *ref_3
            language: !Languages 
              default:
                name: ''
                description: ''
            protocol: !Protocols 
              http: !HttpBinaryRequest 
                path: /file
                method: post
                binary: true
                knownMediaType: binary
                mediaTypes:
                  - application/json
                uri: '{$host}'
        requests:
          - *ref_4
        signatureParameters: []
        responses:
          - !Response 
            language: !Languages 
              default:
                name: ''
                description: Upload successful
            protocol: !Protocols 
              http: !HttpResponse 
                statusCodes:
                  - '204'
        language: !Languages 
          default:
            name: File
            description: Uploading json file
        protocol: !Protocols {}
    language: !Languages 
      default:
        name: Upload
        description: ''
    protocol: !Protocols {}
security: !Security 
  authenticationRequired: false
  schemes: []
language: !Languages 
  default:
    name: ''
    description: ''
protocol: !Protocols 
  http: !HttpModel {}
