/components => /parameters/GlobalEndpoint
/components/parameters => /parameters/GlobalEndpoint
/components/parameters/GlobalEndpoint => /parameters/GlobalEndpoint
/components/parameters/GlobalEndpoint/name => /parameters/GlobalEndpoint
/components/parameters/GlobalEndpoint/in => /parameters/GlobalEndpoint
/components/parameters/GlobalEndpoint/description => /parameters/GlobalEndpoint
/components/parameters/GlobalEndpoint/required => /parameters/GlobalEndpoint
/components/parameters/GlobalEndpoint/x-ms-skip-url-encoding => /parameters/GlobalEndpoint
/components/parameters/GlobalEndpoint/x-ms-parameter-location => /parameters/GlobalEndpoint
/components/parameters/GlobalEndpoint/schema => /parameters/GlobalEndpoint
/components/parameters/GlobalEndpoint/schema/default => /parameters/GlobalEndpoint
/components/parameters/GlobalEndpoint/schema/type => /parameters/GlobalEndpoint